// Vitest Snapshot v1

exports[`DashboardContent > renders component 1`] = `
"<div class=\\"min-h-screen bg-gray-200 pb-20\\">
  <div class=\\"bg-[#03A9F4] px-3 md:px-8 h-56\\"></div>
  <div class=\\"px-20 -mt-24\\">
    <div class=\\"container mx-auto max-w-full\\"></div>
  </div>
</div>"
`;
